INFO:     Started server process [127845]
INFO:     Waiting for application startup.
INFO:     Application startup complete.
INFO:     Uvicorn running on http://0.0.0.0:8000 (Press CTRL+C to quit)
{
    "resource_metrics": [
        {
            "resource": {
                "attributes": {
                    "service.name": "rt-performance-monitor"
                },
                "schema_url": ""
            },
            "scope_metrics": [
                {
                    "scope": {
                        "name": "opentelemetry-sdk",
                        "version": null,
                        "schema_url": "",
                        "attributes": null
                    },
                    "metrics": [
                        {
                            "name": "otel.sdk.metric_reader.collection.duration",
                            "description": "The duration of the collect operation of the metric reader.",
                            "unit": "s",
                            "data": {
                                "data_points": [
                                    {
                                        "attributes": {
                                            "otel.component.type": "periodic_metric_reader",
                                            "otel.component.name": "periodic_metric_reader/1"
                                        },
                                        "start_time_unix_nano": 1779033777076169717,
                                        "time_unix_nano": 1779033782076653206,
                                        "count": 1,
                                        "sum": 3.813500006799586e-05,
                                        "bucket_counts": [
                                            0,
                                            1,
                                            0,
                                            0,
                                            0,
                                            0,
                                            0,
                                            0,
                                            0,
                                            0,
                                            0,
                                            0,
                                            0,
                                            0,
                                            0,
                                            0
                                        ],
                                        "explicit_bounds": [
                                            0.0,
                                            5.0,
                                            10.0,
                                            25.0,
                                            50.0,
                                            75.0,
                                            100.0,
                                            250.0,
                                            500.0,
                                            750.0,
                                            1000.0,
                                            2500.0,
                                            5000.0,
                                            7500.0,
                                            10000.0
                                        ],
                                        "min": 3.813500006799586e-05,
                                        "max": 3.813500006799586e-05,
                                        "exemplars": []
                                    }
                                ],
                                "aggregation_temporality": 2
                            }
                        }
                    ],
                    "schema_url": ""
                }
            ],
            "schema_url": ""
        }
    ]
}
{
    "resource_metrics": [
        {
            "resource": {
                "attributes": {
                    "service.name": "rt-performance-monitor"
                },
                "schema_url": ""
            },
            "scope_metrics": [
                {
                    "scope": {
                        "name": "opentelemetry-sdk",
                        "version": null,
                        "schema_url": "",
                        "attributes": null
                    },
                    "metrics": [
                        {
                            "name": "otel.sdk.metric_reader.collection.duration",
                            "description": "The duration of the collect operation of the metric reader.",
                            "unit": "s",
                            "data": {
                                "data_points": [
                                    {
                                        "attributes": {
                                            "otel.component.type": "periodic_metric_reader",
                                            "otel.component.name": "periodic_metric_reader/1"
                                        },
                                        "start_time_unix_nano": 1779033777076169717,
                                        "time_unix_nano": 1779033787080006248,
                                        "count": 2,
                                        "sum": 0.00029853800015189336,
                                        "bucket_counts": [
                                            0,
                                            2,
                                            0,
                                            0,
                                            0,
                                            0,
                                            0,
                                            0,
                                            0,
                                            0,
                                            0,
                                            0,
                                            0,
                                            0,
                                            0,
                                            0
                                        ],
                                        "explicit_bounds": [
                                            0.0,
                                            5.0,
                                            10.0,
                                            25.0,
                                            50.0,
                                            75.0,
                                            100.0,
                                            250.0,
                                            500.0,
                                            750.0,
                                            1000.0,
                                            2500.0,
                                            5000.0,
                                            7500.0,
                                            10000.0
                                        ],
                                        "min": 3.813500006799586e-05,
                                        "max": 0.0002604030000838975,
                                        "exemplars": []
                                    }
                                ],
                                "aggregation_temporality": 2
                            }
                        }
                    ],
                    "schema_url": ""
                }
            ],
            "schema_url": ""
        }
    ]
}
{
    "resource_metrics": [
        {
            "resource": {
                "attributes": {
                    "service.name": "rt-performance-monitor"
                },
                "schema_url": ""
            },
            "scope_metrics": [
                {
                    "scope": {
                        "name": "opentelemetry-sdk",
                        "version": null,
                        "schema_url": "",
                        "attributes": null
                    },
                    "metrics": [
                        {
                            "name": "otel.sdk.metric_reader.collection.duration",
                            "description": "The duration of the collect operation of the metric reader.",
                            "unit": "s",
                            "data": {
                                "data_points": [
                                    {
                                        "attributes": {
                                            "otel.component.type": "periodic_metric_reader",
                                            "otel.component.name": "periodic_metric_reader/1"
                                        },
                                        "start_time_unix_nano": 1779033777076169717,
                                        "time_unix_nano": 1779033792082036218,
                                        "count": 3,
                                        "sum": 0.0005625710005006113,
                                        "bucket_counts": [
                                            0,
                                            3,
                                            0,
                                            0,
                                            0,
                                            0,
                                            0,
                                            0,
                                            0,
                                            0,
                                            0,
                                            0,
                                            0,
                                            0,
                                            0,
                                            0
                                        ],
                                        "explicit_bounds": [
                                            0.0,
                                            5.0,
                                            10.0,
                                            25.0,
                                            50.0,
                                            75.0,
                                            100.0,
                                            250.0,
                                            500.0,
                                            750.0,
                                            1000.0,
                                            2500.0,
                                            5000.0,
                                            7500.0,
                                            10000.0
                                        ],
                                        "min": 3.813500006799586e-05,
                                        "max": 0.0002640330003487179,
                                        "exemplars": []
                                    }
                                ],
                                "aggregation_temporality": 2
                            }
                        }
                    ],
                    "schema_url": ""
                }
            ],
            "schema_url": ""
        }
    ]
}
INFO:     127.0.0.1:39758 - "GET / HTTP/1.1" 200 OK
INFO:     127.0.0.1:39758 - "GET /status HTTP/1.1" 200 OK
2026-05-17 16:03:14,667 [INFO] Starting test cycle: duration=0.1min, cyclic=False
INFO:     127.0.0.1:39758 - "POST /start HTTP/1.1" 200 OK
2026-05-17 16:03:14,671 [INFO] Pinned to CPU core 1 (Linux)
2026-05-17 16:03:14,671 [INFO] Starting CPU jitter test with 1.0ms interval
2026-05-17 16:03:14,674 [WARNING] Permission denied for raw socket. Using mock mode.
2026-05-17 16:03:14,675 [INFO] Starting Network RTT test on lo
2026-05-17 16:03:15,671 [INFO] Jitter (ns): min=113241, max=4864869, avg=180369.98
2026-05-17 16:03:16,671 [INFO] Jitter (ns): min=113241, max=4864869, avg=165282.80
{
    "resource_metrics": [
        {
            "resource": {
                "attributes": {
                    "service.name": "rt-performance-monitor"
                },
                "schema_url": ""
            },
            "scope_metrics": [
                {
                    "scope": {
                        "name": "opentelemetry-sdk",
                        "version": null,
                        "schema_url": "",
                        "attributes": null
                    },
                    "metrics": [
                        {
                            "name": "otel.sdk.metric_reader.collection.duration",
                            "description": "The duration of the collect operation of the metric reader.",
                            "unit": "s",
                            "data": {
                                "data_points": [
                                    {
                                        "attributes": {
                                            "otel.component.type": "periodic_metric_reader",
                                            "otel.component.name": "periodic_metric_reader/1"
                                        },
                                        "start_time_unix_nano": 1779033777076169717,
                                        "time_unix_nano": 1779033797083612154,
                                        "count": 4,
                                        "sum": 0.0006995620005909586,
                                        "bucket_counts": [
                                            0,
                                            4,
                                            0,
                                            0,
                                            0,
                                            0,
                                            0,
                                            0,
                                            0,
                                            0,
                                            0,
                                            0,
                                            0,
                                            0,
                                            0,
                                            0
                                        ],
                                        "explicit_bounds": [
                                            0.0,
                                            5.0,
                                            10.0,
                                            25.0,
                                            50.0,
                                            75.0,
                                            100.0,
                                            250.0,
                                            500.0,
                                            750.0,
                                            1000.0,
                                            2500.0,
                                            5000.0,
                                            7500.0,
                                            10000.0
                                        ],
                                        "min": 3.813500006799586e-05,
                                        "max": 0.0002640330003487179,
                                        "exemplars": []
                                    }
                                ],
                                "aggregation_temporality": 2
                            }
                        }
                    ],
                    "schema_url": ""
                },
                {
                    "scope": {
                        "name": "rt.performance",
                        "version": "",
                        "schema_url": "",
                        "attributes": null
                    },
                    "metrics": [
                        {
                            "name": "cpu.jitter.max",
                            "description": "Max wake-up jitter",
                            "unit": "ns",
                            "data": {
                                "data_points": [
                                    {
                                        "attributes": {},
                                        "start_time_unix_nano": null,
                                        "time_unix_nano": 1779033797083612154,
                                        "value": 4864869,
                                        "exemplars": []
                                    }
                                ]
                            }
                        },
                        {
                            "name": "cpu.jitter.min",
                            "description": "Min wake-up jitter",
                            "unit": "ns",
                            "data": {
                                "data_points": [
                                    {
                                        "attributes": {},
                                        "start_time_unix_nano": null,
                                        "time_unix_nano": 1779033797083612154,
                                        "value": 113241,
                                        "exemplars": []
                                    }
                                ]
                            }
                        },
                        {
                            "name": "cpu.jitter.avg",
                            "description": "Average wake-up jitter",
                            "unit": "ns",
                            "data": {
                                "data_points": [
                                    {
                                        "attributes": {},
                                        "start_time_unix_nano": null,
                                        "time_unix_nano": 1779033797083612154,
                                        "value": 165282.797,
                                        "exemplars": []
                                    }
                                ]
                            }
                        }
                    ],
                    "schema_url": ""
                }
            ],
            "schema_url": ""
        }
    ]
}
2026-05-17 16:03:17,671 [INFO] Jitter (ns): min=102356, max=4864869, avg=163799.67
2026-05-17 16:03:18,671 [INFO] Jitter (ns): min=102356, max=4864869, avg=160240.57
2026-05-17 16:03:19,671 [INFO] Jitter (ns): min=102356, max=4864869, avg=157279.67
2026-05-17 16:03:20,671 [INFO] Jitter (ns): min=102356, max=4864869, avg=155199.20
2026-05-17 16:03:20,671 [INFO] CPU jitter test stopped
2026-05-17 16:03:20,676 [INFO] Network RTT test stopped
2026-05-17 16:03:20,676 [INFO] Test cycle completed. Results: CPU Avg Jitter=155199.20ns, Net Avg RTT=0.7702ms

--- Final Results ---
Samples: 6000
Min Jitter: 102356 ns
Max Jitter: 4864869 ns
Avg Jitter: 155199.20 ns
RT Ready: NO (Threshold: 100000 ns)

--- Network Results ---
Samples: 6
Min RTT: 0.6448 ms
Max RTT: 0.8892 ms
Avg RTT: 0.7702 ms
{
    "resource_metrics": [
        {
            "resource": {
                "attributes": {
                    "service.name": "rt-performance-monitor"
                },
                "schema_url": ""
            },
            "scope_metrics": [
                {
                    "scope": {
                        "name": "opentelemetry-sdk",
                        "version": null,
                        "schema_url": "",
                        "attributes": null
                    },
                    "metrics": [
                        {
                            "name": "otel.sdk.metric_reader.collection.duration",
                            "description": "The duration of the collect operation of the metric reader.",
                            "unit": "s",
                            "data": {
                                "data_points": [
                                    {
                                        "attributes": {
                                            "otel.component.type": "periodic_metric_reader",
                                            "otel.component.name": "periodic_metric_reader/1"
                                        },
                                        "start_time_unix_nano": 1779033777076169717,
                                        "time_unix_nano": 1779033802086216016,
                                        "count": 5,
                                        "sum": 0.0009025880003719067,
                                        "bucket_counts": [
                                            0,
                                            5,
                                            0,
                                            0,
                                            0,
                                            0,
                                            0,
                                            0,
                                            0,
                                            0,
                                            0,
                                            0,
                                            0,
                                            0,
                                            0,
                                            0
                                        ],
                                        "explicit_bounds": [
                                            0.0,
                                            5.0,
                                            10.0,
                                            25.0,
                                            50.0,
                                            75.0,
                                            100.0,
                                            250.0,
                                            500.0,
                                            750.0,
                                            1000.0,
                                            2500.0,
                                            5000.0,
                                            7500.0,
                                            10000.0
                                        ],
                                        "min": 3.813500006799586e-05,
                                        "max": 0.0002640330003487179,
                                        "exemplars": []
                                    }
                                ],
                                "aggregation_temporality": 2
                            }
                        }
                    ],
                    "schema_url": ""
                },
                {
                    "scope": {
                        "name": "rt.performance",
                        "version": "",
                        "schema_url": "",
                        "attributes": null
                    },
                    "metrics": [
                        {
                            "name": "cpu.jitter.max",
                            "description": "Max wake-up jitter",
                            "unit": "ns",
                            "data": {
                                "data_points": [
                                    {
                                        "attributes": {},
                                        "start_time_unix_nano": null,
                                        "time_unix_nano": 1779033802086216016,
                                        "value": 4864869,
                                        "exemplars": []
                                    }
                                ]
                            }
                        },
                        {
                            "name": "cpu.jitter.min",
                            "description": "Min wake-up jitter",
                            "unit": "ns",
                            "data": {
                                "data_points": [
                                    {
                                        "attributes": {},
                                        "start_time_unix_nano": null,
                                        "time_unix_nano": 1779033802086216016,
                                        "value": 102356,
                                        "exemplars": []
                                    }
                                ]
                            }
                        },
                        {
                            "name": "cpu.jitter.avg",
                            "description": "Average wake-up jitter",
                            "unit": "ns",
                            "data": {
                                "data_points": [
                                    {
                                        "attributes": {},
                                        "start_time_unix_nano": null,
                                        "time_unix_nano": 1779033802086216016,
                                        "value": 155199.19983333335,
                                        "exemplars": []
                                    }
                                ]
                            }
                        }
                    ],
                    "schema_url": ""
                }
            ],
            "schema_url": ""
        }
    ]
}
INFO:     127.0.0.1:41028 - "GET /status HTTP/1.1" 200 OK
{
    "resource_metrics": [
        {
            "resource": {
                "attributes": {
                    "service.name": "rt-performance-monitor"
                },
                "schema_url": ""
            },
            "scope_metrics": [
                {
                    "scope": {
                        "name": "opentelemetry-sdk",
                        "version": null,
                        "schema_url": "",
                        "attributes": null
                    },
                    "metrics": [
                        {
                            "name": "otel.sdk.metric_reader.collection.duration",
                            "description": "The duration of the collect operation of the metric reader.",
                            "unit": "s",
                            "data": {
                                "data_points": [
                                    {
                                        "attributes": {
                                            "otel.component.type": "periodic_metric_reader",
                                            "otel.component.name": "periodic_metric_reader/1"
                                        },
                                        "start_time_unix_nano": 1779033777076169717,
                                        "time_unix_nano": 1779033807088564511,
                                        "count": 6,
                                        "sum": 0.0011037890003535722,
                                        "bucket_counts": [
                                            0,
                                            6,
                                            0,
                                            0,
                                            0,
                                            0,
                                            0,
                                            0,
                                            0,
                                            0,
                                            0,
                                            0,
                                            0,
                                            0,
                                            0,
                                            0
                                        ],
                                        "explicit_bounds": [
                                            0.0,
                                            5.0,
                                            10.0,
                                            25.0,
                                            50.0,
                                            75.0,
                                            100.0,
                                            250.0,
                                            500.0,
                                            750.0,
                                            1000.0,
                                            2500.0,
                                            5000.0,
                                            7500.0,
                                            10000.0
                                        ],
                                        "min": 3.813500006799586e-05,
                                        "max": 0.0002640330003487179,
                                        "exemplars": []
                                    }
                                ],
                                "aggregation_temporality": 2
                            }
                        }
                    ],
                    "schema_url": ""
                }
            ],
            "schema_url": ""
        }
    ]
}
INFO:     Shutting down
INFO:     Waiting for application shutdown.
INFO:     Application shutdown complete.
INFO:     Finished server process [127845]
